<?xml version="1.0" encoding="UTF-8"?>
<testsuites>
  <testsuite name="C:\xampp\htdocs\laravel-breeze\phpunit.xml" tests="25" assertions="59" errors="0" failures="3" skipped="0" time="2.895330">
    <testsuite name="Unit" tests="1" assertions="1" errors="0" failures="0" skipped="0" time="0.026149">
      <testsuite name="Tests\Unit\ExampleTest" file="tests\Unit\ExampleTest.php" tests="1" assertions="1" errors="0" failures="0" skipped="0" time="0.026149">
        <testcase name="that true is true" file="tests\Unit\ExampleTest.php::that true is true" class="Tests\Unit\ExampleTest" classname="Tests.Unit.ExampleTest" assertions="1" time="0.026149"/>
      </testsuite>
    </testsuite>
    <testsuite name="Feature" tests="24" assertions="58" errors="0" failures="3" skipped="0" time="2.869181">
      <testsuite name="Tests\Feature\Auth\AuthenticationTest" file="tests\Feature\Auth\AuthenticationTest.php" tests="4" assertions="8" errors="0" failures="0" skipped="0" time="1.003421">
        <testcase name="login screen can be rendered" file="tests\Feature\Auth\AuthenticationTest.php::login screen can be rendered" class="Tests\Feature\Auth\AuthenticationTest" classname="Tests.Feature.Auth.AuthenticationTest" assertions="1" time="0.564514"/>
        <testcase name="users can authenticate using the login screen" file="tests\Feature\Auth\AuthenticationTest.php::users can authenticate using the login screen" class="Tests\Feature\Auth\AuthenticationTest" classname="Tests.Feature.Auth.AuthenticationTest" assertions="3" time="0.128893"/>
        <testcase name="users can not authenticate with invalid password" file="tests\Feature\Auth\AuthenticationTest.php::users can not authenticate with invalid password" class="Tests\Feature\Auth\AuthenticationTest" classname="Tests.Feature.Auth.AuthenticationTest" assertions="1" time="0.281582"/>
        <testcase name="users can logout" file="tests\Feature\Auth\AuthenticationTest.php::users can logout" class="Tests\Feature\Auth\AuthenticationTest" classname="Tests.Feature.Auth.AuthenticationTest" assertions="3" time="0.028432"/>
      </testsuite>
      <testsuite name="Tests\Feature\Auth\EmailVerificationTest" file="tests\Feature\Auth\EmailVerificationTest.php" tests="3" assertions="6" errors="0" failures="0" skipped="0" time="0.101874">
        <testcase name="email verification screen can be rendered" file="tests\Feature\Auth\EmailVerificationTest.php::email verification screen can be rendered" class="Tests\Feature\Auth\EmailVerificationTest" classname="Tests.Feature.Auth.EmailVerificationTest" assertions="1" time="0.038286"/>
        <testcase name="email can be verified" file="tests\Feature\Auth\EmailVerificationTest.php::email can be verified" class="Tests\Feature\Auth\EmailVerificationTest" classname="Tests.Feature.Auth.EmailVerificationTest" assertions="4" time="0.028262"/>
        <testcase name="email is not verified with invalid hash" file="tests\Feature\Auth\EmailVerificationTest.php::email is not verified with invalid hash" class="Tests\Feature\Auth\EmailVerificationTest" classname="Tests.Feature.Auth.EmailVerificationTest" assertions="1" time="0.035326"/>
      </testsuite>
      <testsuite name="Tests\Feature\Auth\PasswordConfirmationTest" file="tests\Feature\Auth\PasswordConfirmationTest.php" tests="3" assertions="4" errors="0" failures="0" skipped="0" time="0.279671">
        <testcase name="confirm password screen can be rendered" file="tests\Feature\Auth\PasswordConfirmationTest.php::confirm password screen can be rendered" class="Tests\Feature\Auth\PasswordConfirmationTest" classname="Tests.Feature.Auth.PasswordConfirmationTest" assertions="1" time="0.023478"/>
        <testcase name="password can be confirmed" file="tests\Feature\Auth\PasswordConfirmationTest.php::password can be confirmed" class="Tests\Feature\Auth\PasswordConfirmationTest" classname="Tests.Feature.Auth.PasswordConfirmationTest" assertions="2" time="0.023469"/>
        <testcase name="password is not confirmed with invalid password" file="tests\Feature\Auth\PasswordConfirmationTest.php::password is not confirmed with invalid password" class="Tests\Feature\Auth\PasswordConfirmationTest" classname="Tests.Feature.Auth.PasswordConfirmationTest" assertions="1" time="0.232724"/>
      </testsuite>
      <testsuite name="Tests\Feature\Auth\PasswordResetTest" file="tests\Feature\Auth\PasswordResetTest.php" tests="4" assertions="8" errors="0" failures="0" skipped="0" time="0.802275">
        <testcase name="reset password link screen can be rendered" file="tests\Feature\Auth\PasswordResetTest.php::reset password link screen can be rendered" class="Tests\Feature\Auth\PasswordResetTest" classname="Tests.Feature.Auth.PasswordResetTest" assertions="1" time="0.025478"/>
        <testcase name="reset password link can be requested" file="tests\Feature\Auth\PasswordResetTest.php::reset password link can be requested" class="Tests\Feature\Auth\PasswordResetTest" classname="Tests.Feature.Auth.PasswordResetTest" assertions="1" time="0.226027"/>
        <testcase name="reset password screen can be rendered" file="tests\Feature\Auth\PasswordResetTest.php::reset password screen can be rendered" class="Tests\Feature\Auth\PasswordResetTest" classname="Tests.Feature.Auth.PasswordResetTest" assertions="2" time="0.259033"/>
        <testcase name="password can be reset with valid token" file="tests\Feature\Auth\PasswordResetTest.php::password can be reset with valid token" class="Tests\Feature\Auth\PasswordResetTest" classname="Tests.Feature.Auth.PasswordResetTest" assertions="4" time="0.291737"/>
      </testsuite>
      <testsuite name="Tests\Feature\Auth\PasswordUpdateTest" file="tests\Feature\Auth\PasswordUpdateTest.php" tests="2" assertions="8" errors="0" failures="0" skipped="0" time="0.157101">
        <testcase name="password can be updated" file="tests\Feature\Auth\PasswordUpdateTest.php::password can be updated" class="Tests\Feature\Auth\PasswordUpdateTest" classname="Tests.Feature.Auth.PasswordUpdateTest" assertions="4" time="0.121963"/>
        <testcase name="correct password must be provided to update password" file="tests\Feature\Auth\PasswordUpdateTest.php::correct password must be provided to update password" class="Tests\Feature\Auth\PasswordUpdateTest" classname="Tests.Feature.Auth.PasswordUpdateTest" assertions="4" time="0.035138"/>
      </testsuite>
      <testsuite name="Tests\Feature\Auth\RegistrationTest" file="tests\Feature\Auth\RegistrationTest.php" tests="2" assertions="2" errors="0" failures="2" skipped="0" time="0.226405">
        <testcase name="registration screen can be rendered" file="tests\Feature\Auth\RegistrationTest.php::registration screen can be rendered" class="Tests\Feature\Auth\RegistrationTest" classname="Tests.Feature.Auth.RegistrationTest" assertions="1" time="0.198322">
          <failure type="PHPUnit\Framework\ExpectationFailedException">registration screen can be renderedExpected response status code [200] but received 404.
Failed asserting that 404 is identical to 200.&#13;
at vendor\laravel\framework\src\Illuminate\Testing\TestResponseAssert.php:45
at vendor\laravel\framework\src\Illuminate\Testing\TestResponse.php:174
at tests\Feature\Auth\RegistrationTest.php:6</failure>
        </testcase>
        <testcase name="new users can register" file="tests\Feature\Auth\RegistrationTest.php::new users can register" class="Tests\Feature\Auth\RegistrationTest" classname="Tests.Feature.Auth.RegistrationTest" assertions="1" time="0.028083">
          <failure type="PHPUnit\Framework\ExpectationFailedException">new users can registerThe user is not authenticated
Failed asserting that false is true.&#13;
at vendor\laravel\framework\src\Illuminate\Foundation\Testing\Concerns\InteractsWithAuthentication.php:64
at tests\Feature\Auth\RegistrationTest.php:17</failure>
        </testcase>
      </testsuite>
      <testsuite name="Tests\Feature\ExampleTest" file="tests\Feature\ExampleTest.php" tests="1" assertions="1" errors="0" failures="1" skipped="0" time="0.024134">
        <testcase name="it returns a successful response" file="tests\Feature\ExampleTest.php::it returns a successful response" class="Tests\Feature\ExampleTest" classname="Tests.Feature.ExampleTest" assertions="1" time="0.024134">
          <failure type="PHPUnit\Framework\ExpectationFailedException">it returns a successful responseExpected response status code [200] but received 302.
Failed asserting that 302 is identical to 200.&#13;
at vendor\laravel\framework\src\Illuminate\Testing\TestResponseAssert.php:45
at vendor\laravel\framework\src\Illuminate\Testing\TestResponse.php:174
at tests\Feature\ExampleTest.php:6</failure>
        </testcase>
      </testsuite>
      <testsuite name="Tests\Feature\ProfileTest" file="tests\Feature\ProfileTest.php" tests="5" assertions="21" errors="0" failures="0" skipped="0" time="0.274299">
        <testcase name="profile page is displayed" file="tests\Feature\ProfileTest.php::profile page is displayed" class="Tests\Feature\ProfileTest" classname="Tests.Feature.ProfileTest" assertions="1" time="0.077448"/>
        <testcase name="profile information can be updated" file="tests\Feature\ProfileTest.php::profile information can be updated" class="Tests\Feature\ProfileTest" classname="Tests.Feature.ProfileTest" assertions="6" time="0.042293"/>
        <testcase name="email verification status is unchanged when the email address is unchanged" file="tests\Feature\ProfileTest.php::email verification status is unchanged when the email address is unchanged" class="Tests\Feature\ProfileTest" classname="Tests.Feature.ProfileTest" assertions="4" time="0.032627"/>
        <testcase name="user can delete their account" file="tests\Feature\ProfileTest.php::user can delete their account" class="Tests\Feature\ProfileTest" classname="Tests.Feature.ProfileTest" assertions="5" time="0.077833"/>
        <testcase name="correct password must be provided to delete account" file="tests\Feature\ProfileTest.php::correct password must be provided to delete account" class="Tests\Feature\ProfileTest" classname="Tests.Feature.ProfileTest" assertions="5" time="0.044098"/>
      </testsuite>
    </testsuite>
  </testsuite>
</testsuites>
